// Jest Snapshot v1, https://goo.gl/fbAQLP

exports[`Splash Screen Renders correctly 1`] = `
<RNCSafeAreaView
  style={
    Object {
      "alignItems": "center",
      "backgroundColor": "#000000",
      "flex": 1,
      "justifyContent": "center",
    }
  }
>
  <Image
    source={
      Object {
        "default": "",
      }
    }
  />
</RNCSafeAreaView>
`;
