// Jest Snapshot v1, https://goo.gl/fbAQLP

exports[`AvatarView Component Renders correctly 1`] = `
<View
  style={
    Array [
      Object {
        "alignItems": "center",
        "borderColor": "#FFFFFF",
        "borderRadius": 32,
        "borderWidth": 3,
        "height": 64,
        "justifyContent": "center",
        "margin": 12,
        "width": 64,
      },
      Object {
        "borderColor": "#CFA8C3",
      },
      Object {},
    ]
  }
>
  <Text
    style={
      Array [
        Object {
          "color": "#FFFFFF",
          "fontSize": 32,
          "fontWeight": "bold",
        },
        Object {
          "fontWeight": "normal",
        },
      ]
    }
    testID="com.ariesbifold:id/AvatarName"
  >
    B
  </Text>
</View>
`;
